---
source: src/frontend/tui/tui_app.rs
expression: terminal.backend()
---
"                                                            "
"            █ █ █          █                                "
"            █ █ █       █ ███ █  █            █             "
"            █ █ █ █  █ █   █  ██    ██  █  █ █              "
"            █ █ █ █  █  █  █  █  █ █  █ █  █  █             "
"            █ █ █  ██  █   █  █  █  ██   ██  █              "
"              █ █                  ██   █                   "
"             █ █ █                █  █ █ █ █                "
"             █ █ █  ██  ███   ██   ███ ███ ██               "
"             █ █ █ █  █ █  █ █  █    █ █   █                "
"             █ █ █  ███ █  █  ███ ███   ██ █                "
"                                                            "
"            v0.4.0 — by Peter Vlasveld                      "
"                                                            "
"                                                            "
"                                                            "
"┌ -- INSERT -- ────────────────────────────────────────────┐"
"│                                                          │"
"└──────────────────────────────────────────────────────────┘"
" ↑0 ↓0   no git                                             "
