---
source: src/frontend/tui/tui_app.rs
expression: terminal.backend()
---
"                                                                                "
"                                                                                "
"                                                                                "
"                      █ █ █          █                                          "
"        ┌ Tasks (j/k to navigate, q to close) ─────────────────────────┐        "
"        │> ● implement feature                                         │        "
"        │  ○ write tests                                               │        "
"        │                                                              │        "
"        │                                                              │        "
"        │                                                              │        "
"        │                                                              │        "
"        │                                                              │        "
"        │                                                              │        "
"        │                                                              │        "
"        │                                                              │        "
"        │                                                              │        "
"        │                                                              │        "
"        │                                                              │        "
"        │                                                              │        "
"        └──────────────────────────────────────────────────────────────┘        "
"┌ Tasks ───────────────────────────────────────────────────────────────────────┐"
"│                                                                              │"
"└──────────────────────────────────────────────────────────────────────────────┘"
" ↑0 ↓0   no git                                       test-model  /test/project "
