---
source: src/frontend/tui/tui_app.rs
expression: terminal.backend()
---
"┌Conversation──────────────────────────────────────────────┐"
"│Welcome:                                                  │"
"│  # Illustrious Manager                                   │"
"│                                                          │"
"│  Backend: vertex Model: claude-sonnet-4-20250514         │"
"│                                                          │"
"│                                                          │"
"│                                                          │"
"│                                                          │"
"│                                                          │"
"│                                                          │"
"│                                                          │"
"│                                                          │"
"│                                                          │"
"│                                                          │"
"│                                                          │"
"└──────────────────────────────────────────────────────────┘"
"┌ -- INSERT -- ────────────────────────────────────────────┐"
"│                                                          │"
"└──────────────────────────────────────────────────────────┘"
