---
source: src/frontend/tui/input_area.rs
expression: terminal.backend()
---
"┌Input (Enter to se┐"
"│abcdefghijklmnopqr│"
"│stuvwxyz0123456789│"
"└──────────────────┘"
"                    "
"                    "
"                    "
"                    "
"                    "
"                    "
"                    "
"                    "
"                    "
"                    "
"                    "
