---
source: src/frontend/tui/tui_app.rs
assertion_line: 3049
expression: terminal.backend()
---
"┌Conversation──────────────────────────────────────────────┐"
"│[Tool(1)]:                                                │"
"│  bash                                                    │"
"│                                                          │"
"│  ```sh                                                   │"
"│  echo hi                                                 │"
"│  ```                                                     │"
"│                                                          │"
"│                                                          │"
"│                                                          │"
"│                                                          │"
"│                                                          │"
"│                                                          │"
"│                                                          │"
"│                                                          │"
"└──────────────────────────────────────────────────────────┘"
"┌[00:00] Running bash... (Esc to cancel)───────────────────┐"
"│                                                          │"
"└──────────────────────────────────────────────────────────┘"
" ↑0 ↓0   no git                                             "
