---
source: src/frontend/tui/input_area.rs
expression: terminal.backend()
---
"┌Allow 'write_file'? [y/n]─────────────────────────────────┐"
"│                                                          │"
"└──────────────────────────────────────────────────────────┘"
"                                                            "
"                                                            "
"                                                            "
"                                                            "
"                                                            "
"                                                            "
"                                                            "
