---
source: src/frontend/tui/tui_app.rs
expression: terminal.backend()
---
"[Tool(1)]:                                                  "
"  bash                                                      "
"                                                            "
"  [sh]                                                      "
"  echo hi                                                   "
"                                                            "
"                                                            "
"                                                            "
"                                                            "
"                                                            "
"                                                            "
"                                                            "
"                                                            "
"                                                            "
"                                                            "
"                                                            "
"┌ Running bash... (Esc to cancel) ─────────────────────────┐"
"│                                                          │"
"└──────────────────────────────────────────────────────────┘"
" ↑0 ↓0   no git                                             "
