---
source: src/frontend/tui/input_area.rs
assertion_line: 641
expression: terminal.backend()
---
"┌[00:00] Streaming... (Esc to interrupt┐"
"│                                      │"
"└──────────────────────────────────────┘"
"                                        "
"                                        "
"                                        "
"                                        "
"                                        "
"                                        "
"                                        "
