---
source: src/frontend/tui/input_area.rs
assertion_line: 695
expression: terminal.backend()
---
"┌[00:55] Cancelling... (Esc to interrupt)──────────────────┐"
"│                                                          │"
"└──────────────────────────────────────────────────────────┘"
"                                                            "
"                                                            "
"                                                            "
"                                                            "
"                                                            "
"                                                            "
"                                                            "
