---
source: src/frontend/tui/input_area.rs
expression: terminal.backend()
---
"┌ Tasks ───────────────────────────────┐"
"│                                      │"
"└──────────────────────────────────────┘"
"                                        "
"                                        "
"                                        "
"                                        "
"                                        "
"                                        "
"                                        "
