---
source: src/frontend/tui/tui_app.rs
expression: terminal.backend()
---
"┌Conversation──────────────────────────────────────────────┐"
"│      "find",                                             │"
"│      "head",                                             │"
"│      "tail",                                             │"
"│      "wc",                                               │"
"│      "tree",                                             │"
"│  ]                                                       │"
"│  bash_denylist = [                                       │"
"│      "rm",                                               │"
"│      "wget",                                             │"
"│      "sudo",                                             │"
"│      "chmod",                                            │"
"│      "chown",                                            │"
"│  ]                                                       │"
"│  ```                                                     │"
"│                                                          │"
"└──────────────────────────────────────────────────────────┘"
"┌ -- INSERT -- ────────────────────────────────────────────┐"
"│                                                          │"
"└──────────────────────────────────────────────────────────┘"
