---
source: src/frontend/tui/tasks_picker.rs
expression: terminal.backend()
---
"                                                                                "
"                                                                                "
"                                                                                "
"                                                                                "
"        ┌ Tasks (j/k to navigate, q to close) ─────────────────────────┐        "
"        │                                                              │        "
"        │                                                              │        "
"        │                                                              │        "
"        │                                                              │        "
"        │                                                              │        "
"        │                                                              │        "
"        │                                                              │        "
"        │                         No tasks yet.                        │        "
"        │                                                              │        "
"        │                                                              │        "
"        │                                                              │        "
"        │                                                              │        "
"        │                                                              │        "
"        │                                                              │        "
"        └──────────────────────────────────────────────────────────────┘        "
"                                                                                "
"                                                                                "
"                                                                                "
"                                                                                "
