---
source: src/frontend/tui/input_area.rs
assertion_line: 732
expression: terminal.backend()
---
"┌ Allow 'write_file'? [y/n] ───────────────────────────────┐"
"│                                                          │"
"└──────────────────────────────────────────────────────────┘"
"                                                            "
"                                                            "
"                                                            "
"                                                            "
"                                                            "
"                                                            "
"                                                            "
