---
source: src/frontend/tui/input_area.rs
expression: terminal.backend()
---
"┌Input (Enter to send, Shift+Enter for ┐"
"│hi                                    │"
"└──────────────────────────────────────┘"
"                                        "
"                                        "
"                                        "
"                                        "
"                                        "
"                                        "
"                                        "
