---
source: src/frontend/tui/tui_app.rs
expression: terminal.backend()
---
"  • compaction.role: compaction                             "
"  • retry.initial_delay_ms: 1000                            "
"  • retry.max_delay_ms: 8000                                "
"  • retry.max_retries: 3                                    "
"  • sessions_dir: /sessions                                 "
"  • tools.bash_allowlist: cat, ls, grep, find, head, tail,  "
"wc, tree                                                    "
"  • tools.bash_denylist: rm, wget, sudo, chmod, chown       "
"  • tools.confirmation: WriteOnly                           "
"  • tools.max_tool_iterations: 25                           "
"  • tools.max_tool_result_bytes: 65536                      "
"  • tools.sandbox_root: .                                   "
"  • vertex.model: claude-sonnet-4-20250514                  "
"  • vertex.project: my-project                              "
"  • vertex.region: us-east5                                 "
"                                                            "
"┌ -- INSERT -- ────────────────────────────────────────────┐"
"│                                                          │"
"└──────────────────────────────────────────────────────────┘"
" ↑0 ↓0   no git                                             "
