---
source: tests/tui_test.rs
expression: terminal.backend()
---
"                                                                                "
"                                                                                "
"                                                                                "
"                      █ █ █          █                                          "
"                      █ █ █       █ ███ █  █            █                       "
"                      █ █ █ █  █ █   █  ██    ██  █  █ █                        "
"                      █ █ █ █  █  █  █  █  █ █  █ █  █  █                       "
"                      █ █ █  ██  █   █  █  █  ██   ██  █                        "
"                        █ █                  ██   █                             "
"                       █ █ █                █  █ █ █ █                          "
"                       █ █ █  ██  ███   ██   ███ ███ ██                         "
"                       █ █ █ █  █ █  █ █  █    █ █   █                          "
"                       █ █ █  ███ █  █  ███ ███   ██ █                          "
"                                                                                "
"                      v0.4.0 — by Peter Vlasveld                                "
"                                                                                "
"                                                                                "
"                                                                                "
"                                                                                "
"                                                                                "
"┌ -- INSERT -- ────────────────────────────────────────────────────────────────┐"
"│                                                                              │"
"└──────────────────────────────────────────────────────────────────────────────┘"
" ↑0 ↓0   no git                                                                 "
