---
source: tests/tui_test.rs
expression: terminal.backend()
---
"┌Conversation──────────────────────────────────────────────────────────────────┐"
"│  Message 10                                                                  │"
"│                                                                              │"
"│You:                                                                          │"
"│  Message 11                                                                  │"
"│                                                                              │"
"│You:                                                                          │"
"│  Message 12                                                                  │"
"│                                                                              │"
"│You:                                                                          │"
"│  Message 13                                                                  │"
"│                                                                              │"
"│You:                                                                          │"
"│  Message 14                                                                  │"
"│                                                                              │"
"│You:                                                                          │"
"│  Message 15                                                                  │"
"│                                                                              │"
"│You:                                                                          │"
"│  Message 16                                                                  │"
"└──────────────────────────────────────────────────────────────────────────────┘"
"┌Input (Enter to send, Ctrl+C to quit)─────────────────────────────────────────┐"
"│                                                                              │"
"└──────────────────────────────────────────────────────────────────────────────┘"
