---
source: tests/tui_test.rs
assertion_line: 347
expression: terminal.backend()
---
"┌Conversation──────────────────────────────────────────────────────────────────┐"
"│[Tool]:                                                                       │"
"│  write_file: src/lib.rs                                                      │"
"│                                                                              │"
"│  ```diff                                                                     │"
"│  +pub fn greet() {                                                           │"
"│  +    println!("hello");                                                     │"
"│  +}                                                                          │"
"│  ```                                                                         │"
"│                                                                              │"
"│                                                                              │"
"│                                                                              │"
"│                                                                              │"
"│                                                                              │"
"│                                                                              │"
"│                                                                              │"
"│                                                                              │"
"│                                                                              │"
"│                                                                              │"
"│                                                                              │"
"└──────────────────────────────────────────────────────────────────────────────┘"
"┌Input (Enter to send, Ctrl+C to quit)─────────────────────────────────────────┐"
"│                                                                              │"
"└──────────────────────────────────────────────────────────────────────────────┘"
