---
source: tests/tui_test.rs
expression: terminal.backend()
---
"You:                                                                            "
"  Run ls                                                                        "
"                                                                                "
"[Tool]:                                                                         "
"  bash {"command":"ls"}                                                         "
"                                                                                "
"                                                                                "
"                                                                                "
"                                                                                "
"                                                                                "
"                                                                                "
"                                                                                "
"                                                                                "
"                                                                                "
"                                                                                "
"                                                                                "
"                                                                                "
"                                                                                "
"                                                                                "
"                                                                                "
"┌ -- INSERT -- ────────────────────────────────────────────────────────────────┐"
"│                                                                              │"
"└──────────────────────────────────────────────────────────────────────────────┘"
" ↑0 ↓0   no git                                                                 "
