---
source: tests/tui_test.rs
expression: terminal.backend()
---
"┌Conversation──────────────────────────────────────────────────────────────────┐"
"│You:                                                                          │"
"│  Message 11                                                                  │"
"│                                                                              │"
"│You:                                                                          │"
"│  Message 12                                                                  │"
"│                                                                              │"
"│You:                                                                          │"
"│  Message 13                                                                  │"
"│                                                                              │"
"│You:                                                                          │"
"│  Message 14                                                                  │"
"│                                                                              │"
"│You:                                                                          │"
"│  Message 15                                                                  │"
"│                                                                              │"
"│You:                                                                          │"
"│  Message 16                                                                  │"
"│                                                                              │"
"│You:                                                                          │"
"└──────────────────────────────────────────────────────────────────────────────┘"
"┌ -- INSERT -- ────────────────────────────────────────────────────────────────┐"
"│                                                                              │"
"└──────────────────────────────────────────────────────────────────────────────┘"
