---
source: tests/tui_test.rs
expression: terminal.backend()
---
"┌Conversation──────────────────────────────────────────────────────────────────┐"
"│You:                                                                          │"
"│  Run ls                                                                      │"
"│                                                                              │"
"│[Tool]:                                                                       │"
"│  bash {"command":"ls"}                                                       │"
"│                                                                              │"
"│                                                                              │"
"│                                                                              │"
"│                                                                              │"
"│                                                                              │"
"│                                                                              │"
"│                                                                              │"
"│                                                                              │"
"│                                                                              │"
"│                                                                              │"
"│                                                                              │"
"│                                                                              │"
"│                                                                              │"
"│                                                                              │"
"└──────────────────────────────────────────────────────────────────────────────┘"
"┌Input (Enter to send, Ctrl+C to quit)─────────────────────────────────────────┐"
"│                                                                              │"
"└──────────────────────────────────────────────────────────────────────────────┘"
