---
source: tests/tui_test.rs
assertion_line: 313
expression: terminal.backend()
---
"┌Conversation──────────────────────────────────────────────────────────────────┐"
"│Assistant:                                                                    │"
"│  Key features:                                                               │"
"│                                                                              │"
"│  - Memory safety                                                             │"
"│  - Zero-cost abstractions                                                    │"
"│  - Fearless concurrency                                                      │"
"│                                                                              │"
"│                                                                              │"
"│                                                                              │"
"│                                                                              │"
"│                                                                              │"
"│                                                                              │"
"│                                                                              │"
"│                                                                              │"
"│                                                                              │"
"│                                                                              │"
"│                                                                              │"
"│                                                                              │"
"│                                                                              │"
"└──────────────────────────────────────────────────────────────────────────────┘"
"┌Input (Enter to send, Ctrl+C to quit)─────────────────────────────────────────┐"
"│                                                                              │"
"└──────────────────────────────────────────────────────────────────────────────┘"
