---
source: tests/tui_test.rs
expression: terminal.backend()
---
"You:                                                                            "
"  Tell me a story                                                               "
"                                                                                "
"Assistant:                                                                      "
"  Once upon a time                                                              "
"                                                                                "
"                                                                                "
"                                                                                "
"                                                                                "
"                                                                                "
"                                                                                "
"                                                                                "
"                                                                                "
"                                                                                "
"                                                                                "
"                                                                                "
"                                                                                "
"                                                                                "
"                                                                                "
"                                                                                "
"┌ Streaming... (Esc to interrupt) ─────────────────────────────────────────────┐"
"│                                                                              │"
"└──────────────────────────────────────────────────────────────────────────────┘"
" ↑0 ↓0   no git                                                                 "
